Starting 1000-tick automated validation run...
Beginning simulation loop...

>>> TRIGGERING CYCLONE (Severity 0.9) <<<
[AMB_VALIDATION] Energy Ambulance 2 transition: Idle -> Dispatched. Target: Cascade Reservoir Pump Station, ETA: 19.7m, Mission: MS-55-2
[AMB_VALIDATION] Energy Ambulance 1 transition: Idle -> Dispatched. Target: North Hills Tower 4, ETA: 13.1m, Mission: MS-55-1
[AMB_VALIDATION] Energy Ambulance 4 transition: Idle -> Dispatched. Target: Harbor Communications Mast 7, ETA: 14.3m, Mission: MS-55-4
[AMB_VALIDATION] Energy Ambulance 3 transition: Idle -> Dispatched. Target: Metro Tower 2, ETA: 20.8m, Mission: MS-55-3
[AMB_VALIDATION] Energy Ambulance 5 transition: Idle -> Dispatched. Target: East Coastline Repeater 6, ETA: 37.0m, Mission: MS-55-5
[AMB_VALIDATION] Energy Ambulance 1 transition: Dispatched -> Charging Node at North Hills Tower 4. Energy: 300.0 kWh
[AMB_VALIDATION] Energy Ambulance 2 transition: Dispatched -> Charging Node at Cascade Reservoir Pump Station. Energy: 300.0 kWh
[AMB_VALIDATION] Energy Ambulance 3 transition: Dispatched -> Charging Node at Metro Tower 2. Energy: 250.0 kWh
[AMB_VALIDATION] Energy Ambulance 4 transition: Dispatched -> Charging Node at Harbor Communications Mast 7. Energy: 400.0 kWh
[AMB_VALIDATION] Energy Ambulance 5 transition: Dispatched -> Charging Node at East Coastline Repeater 6. Energy: 300.0 kWh
[AMB_VALIDATION] Energy Ambulance 1 transition: Charging Node -> Returning. Target SOC reached or energy low (280.9 kWh).
[AMB_VALIDATION] Energy Ambulance 2 transition: Charging Node -> Returning. Target SOC reached or energy low (250.0 kWh).
[AMB_VALIDATION] Energy Ambulance 3 transition: Charging Node -> Returning. Target SOC reached or energy low (227.9 kWh).
[AMB_VALIDATION] Energy Ambulance 4 transition: Charging Node -> Returning. Target SOC reached or energy low (382.0 kWh).
[AMB_VALIDATION] Energy Ambulance 5 transition: Charging Node -> Returning. Target SOC reached or energy low (275.2 kWh).
[AMB_VALIDATION] Energy Ambulance 1 transition: Returning -> Recharging at Tesla Megapack Substation A. Start Energy: 280.9 kWh
[AMB_VALIDATION] Energy Ambulance 2 transition: Returning -> Recharging at Fluence Battery Grid B. Start Energy: 250.0 kWh
[AMB_VALIDATION] Energy Ambulance 3 transition: Returning -> Recharging at Apex Storage Hub C. Start Energy: 227.9 kWh
[AMB_VALIDATION] Energy Ambulance 4 transition: Returning -> Recharging at Eos Energy Block D. Start Energy: 382.0 kWh
[AMB_VALIDATION] Energy Ambulance 5 transition: Returning -> Recharging at Fluence Battery Grid B. Start Energy: 275.2 kWh
--- TICK 100 ---
--- TICK 200 ---
--- TICK 300 ---

>>> ENDING CYCLONE <<<
--- TICK 400 ---
--- TICK 500 ---

>>> TRIGGERING EARTHQUAKE (Severity 0.9) <<<
--- TICK 600 ---
--- TICK 700 ---

>>> ENDING EARTHQUAKE <<<
--- TICK 800 ---
--- TICK 900 ---
--- TICK 1000 ---

======================================================
VALIDATION SIMULATION COMPLETE (1000 Ticks)
======================================================
Ambulance Energy Ambulance 1 (1):
  - Missions Completed: 1
  - Final Status: Idle
  - Energy Delivered: 19.1 kWh
  - Final Current Energy: 280.9 kWh / 300.0 kWh
Ambulance Energy Ambulance 2 (2):
  - Missions Completed: 1
  - Final Status: Idle
  - Energy Delivered: 50.0 kWh
  - Final Current Energy: 250.0 kWh / 300.0 kWh
Ambulance Energy Ambulance 3 (3):
  - Missions Completed: 1
  - Final Status: Idle
  - Energy Delivered: 22.1 kWh
  - Final Current Energy: 227.9 kWh / 250.0 kWh
Ambulance Energy Ambulance 4 (4):
  - Missions Completed: 1
  - Final Status: Idle
  - Energy Delivered: 18.0 kWh
  - Final Current Energy: 382.0 kWh / 400.0 kWh
Ambulance Energy Ambulance 5 (5):
  - Missions Completed: 1
  - Final Status: Idle
  - Energy Delivered: 24.8 kWh
  - Final Current Energy: 275.2 kWh / 300.0 kWh

Total AI Decisions Logged: 92
Pending Decisions: 0
Executing Decisions: 92

Check [AMB_VALIDATION] tags in the log above for detailed state transitions.
